Archive member included to satisfy reference by file (symbol)

/opt/devkitpro/libtonc/lib/libtonc.a(tonc_irq.o)
                              main.o (irq_init)
/opt/devkitpro/libtonc/lib/libtonc.a(tonc_oam.o)
                              main.o (oam_init)
/opt/devkitpro/libtonc/lib/libtonc.a(tonc_input.o)
                              main.o (key_poll)
/opt/devkitpro/libtonc/lib/libtonc.a(tonc_bios.o)
                              main.o (VBlankIntrWait)
/opt/devkitpro/libtonc/lib/libtonc.a(tonc_memcpy.o)
                              main.o (memcpy32)
/opt/devkitpro/libtonc/lib/libtonc.a(tonc_isr_master.o)
                              /opt/devkitpro/libtonc/lib/libtonc.a(tonc_irq.o) (isr_master)
/opt/devkitpro/libtonc/lib/libtonc.a(tonc_memset.o)
                              /opt/devkitpro/libtonc/lib/libtonc.a(tonc_irq.o) (memset32)
/opt/devkitpro/devkitARM/bin/../lib/gcc/arm-none-eabi/14.1.0/thumb/libgcc.a(_divsi3.o)
                              main.o (__aeabi_idivmod)
/opt/devkitpro/devkitARM/bin/../lib/gcc/arm-none-eabi/14.1.0/thumb/libgcc.a(_dvmd_tls.o)
                              /opt/devkitpro/devkitARM/bin/../lib/gcc/arm-none-eabi/14.1.0/thumb/libgcc.a(_divsi3.o) (__aeabi_idiv0)
/opt/devkitpro/devkitARM/bin/../lib/gcc/arm-none-eabi/14.1.0/thumb/libgcc.a(_sync_none.o)
                              (__sync_synchronize_none)
/opt/devkitpro/devkitARM/bin/../lib/gcc/arm-none-eabi/14.1.0/../../../../arm-none-eabi/lib/thumb/libg.a(libc_a-memcpy-stub.o)
                              main.o (memcpy)
/opt/devkitpro/devkitARM/bin/../lib/gcc/arm-none-eabi/14.1.0/../../../../arm-none-eabi/lib/thumb/libg.a(libc_a-init.o)
                              /opt/devkitpro/devkitARM/bin/../lib/gcc/arm-none-eabi/14.1.0/../../../../arm-none-eabi/lib/thumb/gba_crt0.o (__libc_init_array)
/opt/devkitpro/devkitARM/bin/../lib/gcc/arm-none-eabi/14.1.0/../../../../arm-none-eabi/lib/thumb/libsysbase.a(libsysbase_libsysbase_a-malloc_vars.o)
                              /opt/devkitpro/devkitARM/bin/../lib/gcc/arm-none-eabi/14.1.0/../../../../arm-none-eabi/lib/thumb/gba_crt0.o (fake_heap_end)

Allocating common symbols
Common symbol       size              file

__isr_table         0x78              /opt/devkitpro/libtonc/lib/libtonc.a(tonc_irq.o)

Discarded input sections

 .text          0x00000000        0x0 /opt/devkitpro/devkitARM/bin/../lib/gcc/arm-none-eabi/14.1.0/../../../../arm-none-eabi/lib/thumb/gba_crt0.o
 .data          0x00000000        0x0 /opt/devkitpro/devkitARM/bin/../lib/gcc/arm-none-eabi/14.1.0/../../../../arm-none-eabi/lib/thumb/gba_crt0.o
 .bss           0x00000000        0x0 /opt/devkitpro/devkitARM/bin/../lib/gcc/arm-none-eabi/14.1.0/../../../../arm-none-eabi/lib/thumb/gba_crt0.o
 .text          0x00000000        0x0 /opt/devkitpro/devkitARM/bin/../lib/gcc/arm-none-eabi/14.1.0/thumb/crti.o
 .data          0x00000000        0x0 /opt/devkitpro/devkitARM/bin/../lib/gcc/arm-none-eabi/14.1.0/thumb/crti.o
 .bss           0x00000000        0x0 /opt/devkitpro/devkitARM/bin/../lib/gcc/arm-none-eabi/14.1.0/thumb/crti.o
 .text          0x00000000        0x0 /opt/devkitpro/devkitARM/bin/../lib/gcc/arm-none-eabi/14.1.0/thumb/crtbegin.o
 .data          0x00000000        0x0 /opt/devkitpro/devkitARM/bin/../lib/gcc/arm-none-eabi/14.1.0/thumb/crtbegin.o
 .bss           0x00000000        0x0 /opt/devkitpro/devkitARM/bin/../lib/gcc/arm-none-eabi/14.1.0/thumb/crtbegin.o
 .rodata.all_implied_fbits
                0x00000000       0x24 /opt/devkitpro/devkitARM/bin/../lib/gcc/arm-none-eabi/14.1.0/thumb/crtbegin.o
 .data.__dso_handle
                0x00000000        0x4 /opt/devkitpro/devkitARM/bin/../lib/gcc/arm-none-eabi/14.1.0/thumb/crtbegin.o
 .text          0x00000000        0x0 red_ow.o
 .data          0x00000000        0x0 red_ow.o
 .bss           0x00000000        0x0 red_ow.o
 .text          0x00000000        0x0 room.o
 .data          0x00000000        0x0 room.o
 .bss           0x00000000        0x0 room.o
 .rodata        0x00000000     0x2740 room.o
 .debug_info    0x00000000       0xa6 room.o
 .debug_abbrev  0x00000000       0x6d room.o
 .debug_aranges
                0x00000000       0x18 room.o
 .debug_line    0x00000000       0x4b room.o
 .debug_str     0x00000000       0xe5 room.o
 .comment       0x00000000       0x24 room.o
 .data          0x00000000        0x0 /opt/devkitpro/libtonc/lib/libtonc.a(tonc_irq.o)
 .bss           0x00000000        0x0 /opt/devkitpro/libtonc/lib/libtonc.a(tonc_irq.o)
 .data          0x00000000        0x0 /opt/devkitpro/libtonc/lib/libtonc.a(tonc_oam.o)
 .bss           0x00000000        0x0 /opt/devkitpro/libtonc/lib/libtonc.a(tonc_oam.o)
 .data          0x00000000        0x0 /opt/devkitpro/libtonc/lib/libtonc.a(tonc_bios.o)
 .bss           0x00000000        0x0 /opt/devkitpro/libtonc/lib/libtonc.a(tonc_bios.o)
 .text          0x00000000       0x44 /opt/devkitpro/libtonc/lib/libtonc.a(tonc_memcpy.o)
 .data          0x00000000        0x0 /opt/devkitpro/libtonc/lib/libtonc.a(tonc_memcpy.o)
 .bss           0x00000000        0x0 /opt/devkitpro/libtonc/lib/libtonc.a(tonc_memcpy.o)
 .text          0x00000000        0x0 /opt/devkitpro/libtonc/lib/libtonc.a(tonc_isr_master.o)
 .data          0x00000000        0x0 /opt/devkitpro/libtonc/lib/libtonc.a(tonc_isr_master.o)
 .bss           0x00000000        0x0 /opt/devkitpro/libtonc/lib/libtonc.a(tonc_isr_master.o)
 .text          0x00000000       0x3c /opt/devkitpro/libtonc/lib/libtonc.a(tonc_memset.o)
 .data          0x00000000        0x0 /opt/devkitpro/libtonc/lib/libtonc.a(tonc_memset.o)
 .bss           0x00000000        0x0 /opt/devkitpro/libtonc/lib/libtonc.a(tonc_memset.o)
 .data          0x00000000        0x0 /opt/devkitpro/devkitARM/bin/../lib/gcc/arm-none-eabi/14.1.0/thumb/libgcc.a(_divsi3.o)
 .bss           0x00000000        0x0 /opt/devkitpro/devkitARM/bin/../lib/gcc/arm-none-eabi/14.1.0/thumb/libgcc.a(_divsi3.o)
 .data          0x00000000        0x0 /opt/devkitpro/devkitARM/bin/../lib/gcc/arm-none-eabi/14.1.0/thumb/libgcc.a(_dvmd_tls.o)
 .bss           0x00000000        0x0 /opt/devkitpro/devkitARM/bin/../lib/gcc/arm-none-eabi/14.1.0/thumb/libgcc.a(_dvmd_tls.o)
 .text          0x00000000        0x4 /opt/devkitpro/devkitARM/bin/../lib/gcc/arm-none-eabi/14.1.0/thumb/libgcc.a(_sync_none.o)
 .data          0x00000000        0x0 /opt/devkitpro/devkitARM/bin/../lib/gcc/arm-none-eabi/14.1.0/thumb/libgcc.a(_sync_none.o)
 .bss           0x00000000        0x0 /opt/devkitpro/devkitARM/bin/../lib/gcc/arm-none-eabi/14.1.0/thumb/libgcc.a(_sync_none.o)
 .text          0x00000000        0x0 /opt/devkitpro/devkitARM/bin/../lib/gcc/arm-none-eabi/14.1.0/../../../../arm-none-eabi/lib/thumb/libg.a(libc_a-memcpy-stub.o)
 .data          0x00000000        0x0 /opt/devkitpro/devkitARM/bin/../lib/gcc/arm-none-eabi/14.1.0/../../../../arm-none-eabi/lib/thumb/libg.a(libc_a-memcpy-stub.o)
 .bss           0x00000000        0x0 /opt/devkitpro/devkitARM/bin/../lib/gcc/arm-none-eabi/14.1.0/../../../../arm-none-eabi/lib/thumb/libg.a(libc_a-memcpy-stub.o)
 .text          0x00000000        0x0 /opt/devkitpro/devkitARM/bin/../lib/gcc/arm-none-eabi/14.1.0/../../../../arm-none-eabi/lib/thumb/libg.a(libc_a-init.o)
 .data          0x00000000        0x0 /opt/devkitpro/devkitARM/bin/../lib/gcc/arm-none-eabi/14.1.0/../../../../arm-none-eabi/lib/thumb/libg.a(libc_a-init.o)
 .bss           0x00000000        0x0 /opt/devkitpro/devkitARM/bin/../lib/gcc/arm-none-eabi/14.1.0/../../../../arm-none-eabi/lib/thumb/libg.a(libc_a-init.o)
 .text          0x00000000        0x0 /opt/devkitpro/devkitARM/bin/../lib/gcc/arm-none-eabi/14.1.0/../../../../arm-none-eabi/lib/thumb/libsysbase.a(libsysbase_libsysbase_a-malloc_vars.o)
 .data          0x00000000        0x0 /opt/devkitpro/devkitARM/bin/../lib/gcc/arm-none-eabi/14.1.0/../../../../arm-none-eabi/lib/thumb/libsysbase.a(libsysbase_libsysbase_a-malloc_vars.o)
 .bss           0x00000000        0x0 /opt/devkitpro/devkitARM/bin/../lib/gcc/arm-none-eabi/14.1.0/../../../../arm-none-eabi/lib/thumb/libsysbase.a(libsysbase_libsysbase_a-malloc_vars.o)
 .bss.fake_heap_start
                0x00000000        0x4 /opt/devkitpro/devkitARM/bin/../lib/gcc/arm-none-eabi/14.1.0/../../../../arm-none-eabi/lib/thumb/libsysbase.a(libsysbase_libsysbase_a-malloc_vars.o)
 .text          0x00000000        0x0 /opt/devkitpro/devkitARM/bin/../lib/gcc/arm-none-eabi/14.1.0/thumb/crtend.o
 .data          0x00000000        0x0 /opt/devkitpro/devkitARM/bin/../lib/gcc/arm-none-eabi/14.1.0/thumb/crtend.o
 .bss           0x00000000        0x0 /opt/devkitpro/devkitARM/bin/../lib/gcc/arm-none-eabi/14.1.0/thumb/crtend.o
 .rodata.all_implied_fbits
                0x00000000       0x24 /opt/devkitpro/devkitARM/bin/../lib/gcc/arm-none-eabi/14.1.0/thumb/crtend.o
 .text          0x00000000        0x0 /opt/devkitpro/devkitARM/bin/../lib/gcc/arm-none-eabi/14.1.0/thumb/crtn.o
 .data          0x00000000        0x0 /opt/devkitpro/devkitARM/bin/../lib/gcc/arm-none-eabi/14.1.0/thumb/crtn.o
 .bss           0x00000000        0x0 /opt/devkitpro/devkitARM/bin/../lib/gcc/arm-none-eabi/14.1.0/thumb/crtn.o

Memory Configuration

Name             Origin             Length             Attributes
rom              0x08000000         0x02000000
iwram            0x03000000         0x00008000
ewram            0x02000000         0x00040000
*default*        0x00000000         0xffffffff

Linker script and memory map

                0x00000000                        __sync_synchronize = __sync_synchronize_none
                0x08000000                        __text_start = ORIGIN (rom)
                0x02040000                        __eheap_end = (ORIGIN (ewram) + LENGTH (ewram))
                0x03000000                        __iwram_start = ORIGIN (iwram)
                0x03008000                        __iwram_top = (ORIGIN (iwram) + LENGTH (iwram))
                0x03007fa0                        __sp_irq = (__iwram_top - 0x60)
                0x03007f00                        __sp_usr = (__sp_irq - 0xa0)
                0x03007ff8                        __irq_flags = 0x3007ff8
                0x08000000                        . = __text_start

.crt0           0x08000000      0x210
 *(.crt0)
 .crt0          0x08000000      0x210 /opt/devkitpro/devkitARM/bin/../lib/gcc/arm-none-eabi/14.1.0/../../../../arm-none-eabi/lib/thumb/gba_crt0.o
                0x08000000                _start
                0x080000c4                __boot_method
                0x080000c5                __slave_number
                0x080000e0                start_vector
                0x08000210                        . = ALIGN (0x4)

.init           0x08000210        0xc
 *(SORT_NONE(.init))
 .init          0x08000210        0x4 /opt/devkitpro/devkitARM/bin/../lib/gcc/arm-none-eabi/14.1.0/thumb/crti.o
                0x08000210                _init
 .init          0x08000214        0x8 /opt/devkitpro/devkitARM/bin/../lib/gcc/arm-none-eabi/14.1.0/thumb/crtn.o

.plt            0x0800021c        0x0
 *(.plt)
                0x0800021c                        . = ALIGN (0x4)

.text           0x08000220      0x928
 *(EXCLUDE_FILE(*.iwram*) .text*)
 .text.__do_global_dtors_aux
                0x08000220       0x2c /opt/devkitpro/devkitARM/bin/../lib/gcc/arm-none-eabi/14.1.0/thumb/crtbegin.o
 .text.frame_dummy
                0x0800024c       0x24 /opt/devkitpro/devkitARM/bin/../lib/gcc/arm-none-eabi/14.1.0/thumb/crtbegin.o
 .text          0x08000270       0x9c main.o
                0x08000270                handle_PLAYER_anim
                0x080002fc                obj_test
 .text.startup  0x0800030c       0x84 main.o
                0x0800030c                main
 .text          0x08000390      0x354 /opt/devkitpro/libtonc/lib/libtonc.a(tonc_irq.o)
                0x08000390                irq_init
                0x080003d4                irq_set_master
                0x08000400                irq_set
                0x08000528                irq_add
                0x080005a0                irq_delete
                0x08000654                irq_enable
                0x0800069c                irq_disable
 .text          0x080006e4       0xbc /opt/devkitpro/libtonc/lib/libtonc.a(tonc_oam.o)
                0x080006e4                oam_init
                0x0800072c                obj_copy
                0x0800074c                obj_hide_multi
                0x08000774                obj_unhide_multi
 .text          0x080007a0       0xa8 /opt/devkitpro/libtonc/lib/libtonc.a(tonc_input.o)
                0x080007a0                key_poll
                0x080007f4                key_wait_till_hit
                0x08000818                key_repeat
                0x08000824                key_repeat_mask
                0x08000834                key_repeat_limits
 .text          0x08000848       0x8c /opt/devkitpro/libtonc/lib/libtonc.a(tonc_bios.o)
                0x08000848                SoftReset
                0x0800084c                RegisterRamReset
                0x08000850                Halt
                0x08000854                Stop
                0x08000858                IntrWait
                0x0800085c                VBlankIntrWait
                0x08000860                Div
                0x08000864                DivArm
                0x08000868                Sqrt
                0x0800086c                ArcTan
                0x08000870                ArcTan2
                0x08000874                CpuSet
                0x08000878                CpuFastSet
                0x0800087c                BiosCheckSum
                0x08000880                BgAffineSet
                0x08000884                ObjAffineSet
                0x08000888                BitUnPack
                0x0800088c                LZ77UnCompWram
                0x08000890                LZ77UnCompVram
                0x08000894                HuffUnComp
                0x08000898                RLUnCompWram
                0x0800089c                RLUnCompVram
                0x080008a0                Diff8bitUnFilterWram
                0x080008a4                Diff8bitUnFilterVram
                0x080008a8                Diff16bitUnFilter
                0x080008ac                SoundBias
                0x080008b0                SoundDriverInit
                0x080008b4                SoundDriverMode
                0x080008b8                SoundDriverMain
                0x080008bc                SoundDriverVSync
                0x080008c0                SoundChannelClear
                0x080008c4                MidiKey2Freq
                0x080008c8                MultiBoot
                0x080008cc                SoundDriverVSyncOff
                0x080008d0                SoundDriverVSyncOn
 .text          0x080008d4      0x150 /opt/devkitpro/devkitARM/bin/../lib/gcc/arm-none-eabi/14.1.0/thumb/libgcc.a(_divsi3.o)
                0x080008d4                __aeabi_idiv
                0x080008d4                __divsi3
                0x08000a04                __aeabi_idivmod
 .text          0x08000a24        0x4 /opt/devkitpro/devkitARM/bin/../lib/gcc/arm-none-eabi/14.1.0/thumb/libgcc.a(_dvmd_tls.o)
                0x08000a24                __aeabi_ldiv0
                0x08000a24                __aeabi_idiv0
 .text.memcpy   0x08000a28       0xb0 /opt/devkitpro/devkitARM/bin/../lib/gcc/arm-none-eabi/14.1.0/../../../../arm-none-eabi/lib/thumb/libg.a(libc_a-memcpy-stub.o)
                0x08000a28                memcpy
 .text.__libc_init_array
                0x08000ad8       0x54 /opt/devkitpro/devkitARM/bin/../lib/gcc/arm-none-eabi/14.1.0/../../../../arm-none-eabi/lib/thumb/libg.a(libc_a-init.o)
                0x08000ad8                __libc_init_array
 *fill*         0x08000b2c        0x4 ff
 .text.__libc_init_array.__stub
                0x08000b30       0x14 linker stubs
 *(.gnu.linkonce.t.*)
 *(.text.*personality*)
 *(.gnu.warning)
 *(.glue_7t)
 .glue_7t       0x08000b48        0x0 linker stubs
 *(.glue_7)
 .glue_7        0x08000b48        0x0 linker stubs
 *(.vfp11_veneer)
 .vfp11_veneer  0x08000b48        0x0 linker stubs
                0x08000b48                        . = ALIGN (0x4)
                0x08000b48                        __text_end = .

.v4_bx          0x08000b48        0x0
 .v4_bx         0x08000b48        0x0 linker stubs

.iplt           0x08000b48        0x0
 .iplt          0x08000b48        0x0 /opt/devkitpro/devkitARM/bin/../lib/gcc/arm-none-eabi/14.1.0/../../../../arm-none-eabi/lib/thumb/gba_crt0.o

.fini           0x08000b48        0xc
 *(.fini)
 .fini          0x08000b48        0x4 /opt/devkitpro/devkitARM/bin/../lib/gcc/arm-none-eabi/14.1.0/thumb/crti.o
                0x08000b48                _fini
 .fini          0x08000b4c        0x8 /opt/devkitpro/devkitARM/bin/../lib/gcc/arm-none-eabi/14.1.0/thumb/crtn.o
                0x08000b54                        . = ALIGN (0x4)

.rodata         0x08000b54     0x1058
 *(.rodata)
 .rodata        0x08000b54     0x1020 red_ow.o
                0x08000b54                red_owPal
                0x08000b74                red_owTiles
 .rodata        0x08001b74       0x38 /opt/devkitpro/libtonc/lib/libtonc.a(tonc_irq.o)
 *all.rodata*(*)
 *(.roda)
 *(.rodata.*)
 *(.gnu.linkonce.r*)
                0x08001bac                        . = ALIGN (0x4)

.ARM.extab
 *(.ARM.extab* .gnu.linkonce.armextab.*)
                0x08001bac                        __exidx_start = .

.ARM.exidx
 *(.ARM.exidx* .gnu.linkonce.armexidx.*)
                0x08001bac                        __exidx_end = .

.ctors          0x08001bac        0x0
 *crtbegin.o(.ctors)
 *(EXCLUDE_FILE(*crtend.o) .ctors)
 *(SORT_BY_NAME(.ctors.*))
 *(.ctors)
                0x08001bac                        . = ALIGN (0x4)

.dtors          0x08001bac        0x0
 *crtbegin.o(.dtors)
 *(EXCLUDE_FILE(*crtend.o) .dtors)
 *(SORT_BY_NAME(.dtors.*))
 *(.dtors)
                0x08001bac                        . = ALIGN (0x4)

.eh_frame       0x08001bac        0x4
 *(.eh_frame)
 .eh_frame      0x08001bac        0x0 /opt/devkitpro/devkitARM/bin/../lib/gcc/arm-none-eabi/14.1.0/thumb/crtbegin.o
 .eh_frame      0x08001bac        0x4 /opt/devkitpro/devkitARM/bin/../lib/gcc/arm-none-eabi/14.1.0/thumb/crtend.o
                0x08001bb0                        . = ALIGN (0x4)

.gcc_except_table
                0x08001bb0        0x0
 *(.gcc_except_table)
                0x08001bb0                        . = ALIGN (0x4)
                0x08001bb0                        __iwram_lma = .

.iwram          0x03000000      0x128 load address 0x08001bb0
                0x03000000                        __iwram_start__ = ABSOLUTE (.)
 *(.iwram .iwram*)
 .iwram         0x03000000       0x38 /opt/devkitpro/libtonc/lib/libtonc.a(tonc_memcpy.o)
                0x03000000                memcpy32
 .iwram         0x03000038       0xa4 /opt/devkitpro/libtonc/lib/libtonc.a(tonc_isr_master.o)
                0x03000038                isr_master
 .iwram         0x030000dc       0x4c /opt/devkitpro/libtonc/lib/libtonc.a(tonc_memset.o)
                0x030000dc                memset32
 *iwram.*(.text* .data*)
                0x03000128                        . = ALIGN (0x4)
                0x03000128                        __iwram_end__ = ABSOLUTE (.)
                0x08001cd8                        __data_lma = (__iwram_lma + SIZEOF (.iwram))

.bss            0x03000128      0x4a0
                0x03000128                        __bss_start = ABSOLUTE (.)
                0x03000128                        __bss_start__ = ABSOLUTE (.)
 *(.dynbss)
 *(.gnu.linkonce.b*)
 *(.bss*)
 .bss.completed.1
                0x03000128        0x1 /opt/devkitpro/devkitARM/bin/../lib/gcc/arm-none-eabi/14.1.0/thumb/crtbegin.o
 *fill*         0x03000129        0x3 
 .bss.object.0  0x0300012c       0x18 /opt/devkitpro/devkitARM/bin/../lib/gcc/arm-none-eabi/14.1.0/thumb/crtbegin.o
 .bss           0x03000144      0x404 main.o
                0x03000144                fcount
                0x03000148                obj_buffer
 .bss           0x03000548        0x4 /opt/devkitpro/libtonc/lib/libtonc.a(tonc_input.o)
                0x03000548                __key_curr
                0x0300054a                __key_prev
 .bss.fake_heap_end
                0x0300054c        0x4 /opt/devkitpro/devkitARM/bin/../lib/gcc/arm-none-eabi/14.1.0/../../../../arm-none-eabi/lib/thumb/libsysbase.a(libsysbase_libsysbase_a-malloc_vars.o)
                0x0300054c                fake_heap_end
 *(COMMON)
 COMMON         0x03000550       0x78 /opt/devkitpro/libtonc/lib/libtonc.a(tonc_irq.o)
                0x03000550                __isr_table
                0x030005c8                        . = ALIGN (0x4)
                0x030005c8                        __bss_end__ = ABSOLUTE (.)

.data           0x030005c8       0x20 load address 0x08001cd8
                0x030005c8                        __data_start__ = ABSOLUTE (.)
 *(.data*)
 .data          0x030005c8       0x18 main.o
                0x030005c8                PLAYER
                0x030005dc                red
 .data          0x030005e0        0x8 /opt/devkitpro/libtonc/lib/libtonc.a(tonc_input.o)
                0x030005e0                __key_rpt
 *(.gnu.linkonce.d*)
                0x030005e8                        . = ALIGN (0x4)
                0x08001cf8                        __preinit_lma = (__data_lma + SIZEOF (.data))

.igot.plt       0x030005e8        0x0 load address 0x08001cf8
 .igot.plt      0x030005e8        0x0 /opt/devkitpro/devkitARM/bin/../lib/gcc/arm-none-eabi/14.1.0/../../../../arm-none-eabi/lib/thumb/gba_crt0.o

.preinit_array  0x030005e8        0x0 load address 0x08001cf8
                0x030005e8                        __preinit_array_start = ABSOLUTE (.)
 *(.preinit_array)
                0x030005e8                        __preinit_array_end = ABSOLUTE (.)
                0x08001cf8                        __init_lma = (__preinit_lma + SIZEOF (.preinit_array))

.init_array     0x030005e8        0x4 load address 0x08001cf8
                0x030005e8                        __init_array_start = ABSOLUTE (.)
 *(SORT_BY_NAME(.init_array.*))
 *(.init_array)
 .init_array    0x030005e8        0x4 /opt/devkitpro/devkitARM/bin/../lib/gcc/arm-none-eabi/14.1.0/thumb/crtbegin.o
                0x030005ec                        __init_array_end = ABSOLUTE (.)
                0x08001cfc                        __fini_lma = (__init_lma + SIZEOF (.init_array))

.fini_array     0x030005ec        0x4 load address 0x08001cfc
                0x030005ec                        __fini_array_start = ABSOLUTE (.)
 *(SORT_BY_NAME(.fini_array.*))
 *(.fini_array)
 .fini_array    0x030005ec        0x4 /opt/devkitpro/devkitARM/bin/../lib/gcc/arm-none-eabi/14.1.0/thumb/crtbegin.o
                0x030005f0                        __fini_array_end = ABSOLUTE (.)
                0x08001d00                        __jcr_lma = (__fini_lma + SIZEOF (.fini_array))

.jcr
 *(.jcr)
                0x030005f0                        __data_end__ = ABSOLUTE (.)
                0x08001d00                        __iwram_overlay_lma = (__jcr_lma + SIZEOF (.jcr))
                0x030005f0                        __iwram_overlay_start = .

.iwram0         0x030005f0        0x0 load address 0x08001d00
 *(.iwram0)
                0x030005f0                        . = ALIGN (0x4)
                0x08001d00                        PROVIDE (__load_start_iwram0 = LOADADDR (.iwram0))
                0x08001d00                        PROVIDE (__load_stop_iwram0 = (LOADADDR (.iwram0) + SIZEOF (.iwram0)))

.iwram1         0x030005f0        0x0
 *(.iwram1)
                0x030005f0                        . = ALIGN (0x4)
                [!provide]                        PROVIDE (__load_start_iwram1 = LOADADDR (.iwram1))
                [!provide]                        PROVIDE (__load_stop_iwram1 = (LOADADDR (.iwram1) + SIZEOF (.iwram1)))

.iwram2         0x030005f0        0x0
 *(.iwram2)
                0x030005f0                        . = ALIGN (0x4)
                [!provide]                        PROVIDE (__load_start_iwram2 = LOADADDR (.iwram2))
                [!provide]                        PROVIDE (__load_stop_iwram2 = (LOADADDR (.iwram2) + SIZEOF (.iwram2)))

.iwram3         0x030005f0        0x0
 *(.iwram3)
                0x030005f0                        . = ALIGN (0x4)
                [!provide]                        PROVIDE (__load_start_iwram3 = LOADADDR (.iwram3))
                [!provide]                        PROVIDE (__load_stop_iwram3 = (LOADADDR (.iwram3) + SIZEOF (.iwram3)))

.iwram4         0x030005f0        0x0
 *(.iwram4)
                0x030005f0                        . = ALIGN (0x4)
                [!provide]                        PROVIDE (__load_start_iwram4 = LOADADDR (.iwram4))
                [!provide]                        PROVIDE (__load_stop_iwram4 = (LOADADDR (.iwram4) + SIZEOF (.iwram4)))

.iwram5         0x030005f0        0x0
 *(.iwram5)
                0x030005f0                        . = ALIGN (0x4)
                [!provide]                        PROVIDE (__load_start_iwram5 = LOADADDR (.iwram5))
                [!provide]                        PROVIDE (__load_stop_iwram5 = (LOADADDR (.iwram5) + SIZEOF (.iwram5)))

.iwram6         0x030005f0        0x0
 *(.iwram6)
                0x030005f0                        . = ALIGN (0x4)
                [!provide]                        PROVIDE (__load_start_iwram6 = LOADADDR (.iwram6))
                [!provide]                        PROVIDE (__load_stop_iwram6 = (LOADADDR (.iwram6) + SIZEOF (.iwram6)))

.iwram7         0x030005f0        0x0
 *(.iwram7)
                0x030005f0                        . = ALIGN (0x4)
                [!provide]                        PROVIDE (__load_start_iwram7 = LOADADDR (.iwram7))
                [!provide]                        PROVIDE (__load_stop_iwram7 = (LOADADDR (.iwram7) + SIZEOF (.iwram7)))

.iwram8         0x030005f0        0x0
 *(.iwram8)
                0x030005f0                        . = ALIGN (0x4)
                [!provide]                        PROVIDE (__load_start_iwram8 = LOADADDR (.iwram8))
                [!provide]                        PROVIDE (__load_stop_iwram8 = (LOADADDR (.iwram8) + SIZEOF (.iwram8)))

.iwram9         0x030005f0        0x0
 *(.iwram9)
                0x030005f0                        . = ALIGN (0x4)
                [!provide]                        PROVIDE (__load_start_iwram9 = LOADADDR (.iwram9))
                [!provide]                        PROVIDE (__load_stop_iwram9 = (LOADADDR (.iwram9) + SIZEOF (.iwram9)))
                0x030005f0                        __iwram_overlay_end = .
                0x08001d00                        __ewram_lma = (__iwram_overlay_lma + (__iwram_overlay_end - __iwram_overlay_start))
                0x030005f0                        __iheap_start = .
                0x02000000                        __ewram_start = ORIGIN (ewram)

.ewram          0x02000000        0x0 load address 0x08001d00
 *(.ewram*)
                0x02000000                        . = ALIGN (0x4)
                0x02000000                        __ewram_end = ABSOLUTE (.)
                0x08001d00                        __pad_lma = (__ewram_lma + SIZEOF (.ewram))

.sbss           0x02000000        0x0
                0x02000000                        __sbss_start__ = ABSOLUTE (.)
 *(.sbss*)
                0x02000000                        . = ALIGN (0x4)
                0x02000000                        __sbss_end__ = ABSOLUTE (.)
                0x02000000                        __end__ = ABSOLUTE (.)
                0x02000000                        __eheap_start = ABSOLUTE (.)

.pad            0x02000000        0x8 load address 0x08001d00
                0x02000000        0x4 LONG 0x52416b64
                0x02000004        0x4 LONG 0x4d
                0x02000008                        . = ALIGN (0x4)
                0x08001d08                        __rom_end__ = (__pad_lma + SIZEOF (.pad))

.rel.dyn        0x02000008        0x0 load address 0x08001d08
 .rel.iplt      0x02000008        0x0 /opt/devkitpro/devkitARM/bin/../lib/gcc/arm-none-eabi/14.1.0/../../../../arm-none-eabi/lib/thumb/gba_crt0.o

.stab
 *(.stab)

.stabstr
 *(.stabstr)

.stab.excl
 *(.stab.excl)

.stab.exclstr
 *(.stab.exclstr)

.stab.index
 *(.stab.index)

.stab.indexstr
 *(.stab.indexstr)

.comment        0x00000000       0x45
 *(.comment)
 .comment       0x00000000       0x45 /opt/devkitpro/devkitARM/bin/../lib/gcc/arm-none-eabi/14.1.0/thumb/crtbegin.o
                                 0x24 (size before relaxing)
 .comment       0x00000045       0x24 main.o
 .comment       0x00000045       0x24 red_ow.o
 .comment       0x00000045       0x23 /opt/devkitpro/libtonc/lib/libtonc.a(tonc_irq.o)
 .comment       0x00000045       0x23 /opt/devkitpro/libtonc/lib/libtonc.a(tonc_oam.o)
 .comment       0x00000045       0x23 /opt/devkitpro/libtonc/lib/libtonc.a(tonc_input.o)
 .comment       0x00000045       0x24 /opt/devkitpro/devkitARM/bin/../lib/gcc/arm-none-eabi/14.1.0/../../../../arm-none-eabi/lib/thumb/libg.a(libc_a-memcpy-stub.o)
 .comment       0x00000045       0x24 /opt/devkitpro/devkitARM/bin/../lib/gcc/arm-none-eabi/14.1.0/../../../../arm-none-eabi/lib/thumb/libg.a(libc_a-init.o)
 .comment       0x00000045       0x24 /opt/devkitpro/devkitARM/bin/../lib/gcc/arm-none-eabi/14.1.0/../../../../arm-none-eabi/lib/thumb/libsysbase.a(libsysbase_libsysbase_a-malloc_vars.o)
 .comment       0x00000045       0x24 /opt/devkitpro/devkitARM/bin/../lib/gcc/arm-none-eabi/14.1.0/thumb/crtend.o

.debug
 *(.debug)

.line
 *(.line)

.debug_srcinfo
 *(.debug_srcinfo)

.debug_sfnames
 *(.debug_sfnames)

.debug_aranges  0x00000000       0x40
 *(.debug_aranges)
 .debug_aranges
                0x00000000       0x28 main.o
 .debug_aranges
                0x00000028       0x18 red_ow.o

.debug_pubnames
 *(.debug_pubnames)

.debug_info     0x00000000      0x7db
 *(.debug_info)
 .debug_info    0x00000000      0x759 main.o
 .debug_info    0x00000759       0x82 red_ow.o

.debug_abbrev   0x00000000      0x3d8
 *(.debug_abbrev)
 .debug_abbrev  0x00000000      0x36e main.o
 .debug_abbrev  0x0000036e       0x6a red_ow.o

.debug_line     0x00000000      0x30e
 *(.debug_line)
 .debug_line    0x00000000      0x2c2 main.o
 .debug_line    0x000002c2       0x4c red_ow.o

.debug_frame    0x00000000       0x58
 *(.debug_frame)
 .debug_frame   0x00000000       0x58 main.o

.debug_str      0x00000000      0x34c
 *(.debug_str)
 .debug_str     0x00000000      0x34c main.o
                                0x366 (size before relaxing)
 .debug_str     0x0000034c       0xe1 red_ow.o

.debug_loc
 *(.debug_loc)

.debug_macinfo
 *(.debug_macinfo)

.debug_weaknames
 *(.debug_weaknames)

.debug_funcnames
 *(.debug_funcnames)

.debug_typenames
 *(.debug_typenames)

.debug_varnames
 *(.debug_varnames)

.stack          0x00080000        0x0
                0x00080000                        _stack = .
 *(.stack)

.note.gnu.arm.ident
 *(.note.gnu.arm.ident)

.ARM.attributes
                0x00000000       0x2c
 *(.ARM.attributes)
 .ARM.attributes
                0x00000000       0x20 /opt/devkitpro/devkitARM/bin/../lib/gcc/arm-none-eabi/14.1.0/../../../../arm-none-eabi/lib/thumb/gba_crt0.o
 .ARM.attributes
                0x00000020       0x1c /opt/devkitpro/devkitARM/bin/../lib/gcc/arm-none-eabi/14.1.0/thumb/crti.o
 .ARM.attributes
                0x0000003c       0x2a /opt/devkitpro/devkitARM/bin/../lib/gcc/arm-none-eabi/14.1.0/thumb/crtbegin.o
 .ARM.attributes
                0x00000066       0x2a main.o
 .ARM.attributes
                0x00000090       0x2a red_ow.o
 .ARM.attributes
                0x000000ba       0x2a room.o
 .ARM.attributes
                0x000000e4       0x2a /opt/devkitpro/libtonc/lib/libtonc.a(tonc_irq.o)
 .ARM.attributes
                0x0000010e       0x2a /opt/devkitpro/libtonc/lib/libtonc.a(tonc_oam.o)
 .ARM.attributes
                0x00000138       0x2a /opt/devkitpro/libtonc/lib/libtonc.a(tonc_input.o)
 .ARM.attributes
                0x00000162       0x1a /opt/devkitpro/libtonc/lib/libtonc.a(tonc_bios.o)
 .ARM.attributes
                0x0000017c       0x1a /opt/devkitpro/libtonc/lib/libtonc.a(tonc_memcpy.o)
 .ARM.attributes
                0x00000196       0x1a /opt/devkitpro/libtonc/lib/libtonc.a(tonc_isr_master.o)
 .ARM.attributes
                0x000001b0       0x1a /opt/devkitpro/libtonc/lib/libtonc.a(tonc_memset.o)
 .ARM.attributes
                0x000001ca       0x1c /opt/devkitpro/devkitARM/bin/../lib/gcc/arm-none-eabi/14.1.0/thumb/libgcc.a(_divsi3.o)
 .ARM.attributes
                0x000001e6       0x1c /opt/devkitpro/devkitARM/bin/../lib/gcc/arm-none-eabi/14.1.0/thumb/libgcc.a(_dvmd_tls.o)
 .ARM.attributes
                0x00000202       0x1c /opt/devkitpro/devkitARM/bin/../lib/gcc/arm-none-eabi/14.1.0/thumb/libgcc.a(_sync_none.o)
 .ARM.attributes
                0x0000021e       0x2a /opt/devkitpro/devkitARM/bin/../lib/gcc/arm-none-eabi/14.1.0/../../../../arm-none-eabi/lib/thumb/libg.a(libc_a-memcpy-stub.o)
 .ARM.attributes
                0x00000248       0x2a /opt/devkitpro/devkitARM/bin/../lib/gcc/arm-none-eabi/14.1.0/../../../../arm-none-eabi/lib/thumb/libg.a(libc_a-init.o)
 .ARM.attributes
                0x00000272       0x2a /opt/devkitpro/devkitARM/bin/../lib/gcc/arm-none-eabi/14.1.0/../../../../arm-none-eabi/lib/thumb/libsysbase.a(libsysbase_libsysbase_a-malloc_vars.o)
 .ARM.attributes
                0x0000029c       0x2a /opt/devkitpro/devkitARM/bin/../lib/gcc/arm-none-eabi/14.1.0/thumb/crtend.o
 .ARM.attributes
                0x000002c6       0x1c /opt/devkitpro/devkitARM/bin/../lib/gcc/arm-none-eabi/14.1.0/thumb/crtn.o

/DISCARD/
 *(.note.GNU-stack)
LOAD /opt/devkitpro/devkitARM/bin/../lib/gcc/arm-none-eabi/14.1.0/../../../../arm-none-eabi/lib/thumb/gba_crt0.o
LOAD /opt/devkitpro/devkitARM/bin/../lib/gcc/arm-none-eabi/14.1.0/thumb/crti.o
LOAD /opt/devkitpro/devkitARM/bin/../lib/gcc/arm-none-eabi/14.1.0/thumb/crtbegin.o
LOAD main.o
LOAD red_ow.o
LOAD room.o
LOAD /opt/devkitpro/libgba/lib/libmm.a
LOAD /opt/devkitpro/libtonc/lib/libtonc.a
START GROUP
LOAD /opt/devkitpro/devkitARM/bin/../lib/gcc/arm-none-eabi/14.1.0/thumb/libgcc.a
LOAD /opt/devkitpro/devkitARM/bin/../lib/gcc/arm-none-eabi/14.1.0/../../../../arm-none-eabi/lib/thumb/libg.a
LOAD /opt/devkitpro/devkitARM/bin/../lib/gcc/arm-none-eabi/14.1.0/../../../../arm-none-eabi/lib/thumb/libc.a
LOAD /opt/devkitpro/devkitARM/bin/../lib/gcc/arm-none-eabi/14.1.0/../../../../arm-none-eabi/lib/thumb/libsysbase.a
END GROUP
LOAD /opt/devkitpro/devkitARM/bin/../lib/gcc/arm-none-eabi/14.1.0/thumb/crtend.o
LOAD /opt/devkitpro/devkitARM/bin/../lib/gcc/arm-none-eabi/14.1.0/thumb/crtn.o
OUTPUT(/home/dharmendhar/gba/radop/radop.elf elf32-littlearm)
LOAD linker stubs

.debug_loclists
                0x00000000       0xbd
 .debug_loclists
                0x00000000       0xbd main.o

.debug_rnglists
                0x00000000       0x33
 .debug_rnglists
                0x00000000       0x33 main.o
